d:\my games\minecraft mr_edit\intermediate\debug-win32\vc142.pdb
d:\my games\minecraft mr_edit\intermediate\debug-win32\vc142.idb
d:\my games\minecraft mr_edit\intermediate\debug-win32\stb.obj
d:\my games\minecraft mr_edit\intermediate\debug-win32\transform.obj
d:\my games\minecraft mr_edit\intermediate\debug-win32\window.obj
d:\my games\minecraft mr_edit\intermediate\debug-win32\main.obj
d:\my games\minecraft mr_edit\intermediate\debug-win32\texture.obj
d:\my games\minecraft mr_edit\intermediate\debug-win32\application.obj
d:\my games\minecraft mr_edit\intermediate\debug-win32\mesh.obj
d:\my games\minecraft mr_edit\intermediate\debug-win32\shader.obj
d:\my games\minecraft mr_edit\intermediate\debug-win32\camera.obj
d:\my games\minecraft mr_edit\intermediate\debug-win32\glad.obj
d:\my games\minecraft mr_edit\bin\debug-win32\minecraft mr_edit.exe
d:\my games\minecraft mr_edit\intermediate\debug-win32\minecraft mr_edit.ilk
d:\my games\minecraft mr_edit\bin\debug-win32\minecraft mr_edit.pdb
d:\my games\minecraft mr_edit\intermediate\debug-win32\minecraf.304e7869.tlog\cl.command.1.tlog
d:\my games\minecraft mr_edit\intermediate\debug-win32\minecraf.304e7869.tlog\cl.read.1.tlog
d:\my games\minecraft mr_edit\intermediate\debug-win32\minecraf.304e7869.tlog\cl.write.1.tlog
d:\my games\minecraft mr_edit\intermediate\debug-win32\minecraf.304e7869.tlog\link.command.1.tlog
d:\my games\minecraft mr_edit\intermediate\debug-win32\minecraf.304e7869.tlog\link.read.1.tlog
d:\my games\minecraft mr_edit\intermediate\debug-win32\minecraf.304e7869.tlog\link.write.1.tlog
